
> backend@0.0.1 start:dev
> nest start --watch

[2J[3J[H[[90m7:16:45 PM[0m] Starting compilation in watch mode...

[[90m7:16:50 PM[0m] Found 0 errors. Watching for file changes.

[32m[Nest] 1864  - [39m05/28/2026, 7:16:52 PM [32m    LOG[39m [38;5;3m[NestFactory] [39m[32mStarting Nest application...[39m
[32m[Nest] 1864  - [39m05/28/2026, 7:16:52 PM [32m    LOG[39m [38;5;3m[InstanceLoader] [39m[32mAppModule dependencies initialized[39m[38;5;3m +24ms[39m
[32m[Nest] 1864  - [39m05/28/2026, 7:16:52 PM [32m    LOG[39m [38;5;3m[InstanceLoader] [39m[32mPrismaModule dependencies initialized[39m[38;5;3m +1ms[39m
[32m[Nest] 1864  - [39m05/28/2026, 7:16:52 PM [32m    LOG[39m [38;5;3m[InstanceLoader] [39m[32mPassportModule dependencies initialized[39m[38;5;3m +1ms[39m
[32m[Nest] 1864  - [39m05/28/2026, 7:16:52 PM [32m    LOG[39m [38;5;3m[InstanceLoader] [39m[32mMulterModule dependencies initialized[39m[38;5;3m +1ms[39m
[32m[Nest] 1864  - [39m05/28/2026, 7:16:52 PM [32m    LOG[39m [38;5;3m[InstanceLoader] [39m[32mExcelModule dependencies initialized[39m[38;5;3m +0ms[39m
[32m[Nest] 1864  - [39m05/28/2026, 7:16:52 PM [32m    LOG[39m [38;5;3m[InstanceLoader] [39m[32mUploadModule dependencies initialized[39m[38;5;3m +1ms[39m
[32m[Nest] 1864  - [39m05/28/2026, 7:16:52 PM [32m    LOG[39m [38;5;3m[InstanceLoader] [39m[32mConfigHostModule dependencies initialized[39m[38;5;3m +8ms[39m
[32m[Nest] 1864  - [39m05/28/2026, 7:16:52 PM [32m    LOG[39m [38;5;3m[InstanceLoader] [39m[32mThrottlerModule dependencies initialized[39m[38;5;3m +1ms[39m
[32m[Nest] 1864  - [39m05/28/2026, 7:16:52 PM [32m    LOG[39m [38;5;3m[InstanceLoader] [39m[32mConfigModule dependencies initialized[39m[38;5;3m +2ms[39m
[32m[Nest] 1864  - [39m05/28/2026, 7:16:52 PM [32m    LOG[39m [38;5;3m[InstanceLoader] [39m[32mConfigModule dependencies initialized[39m[38;5;3m +0ms[39m
[32m[Nest] 1864  - [39m05/28/2026, 7:16:52 PM [32m    LOG[39m [38;5;3m[InstanceLoader] [39m[32mJwtModule dependencies initialized[39m[38;5;3m +3ms[39m
[32m[Nest] 1864  - [39m05/28/2026, 7:16:52 PM [32m    LOG[39m [38;5;3m[InstanceLoader] [39m[32mUsersModule dependencies initialized[39m[38;5;3m +1ms[39m
[32m[Nest] 1864  - [39m05/28/2026, 7:16:52 PM [32m    LOG[39m [38;5;3m[InstanceLoader] [39m[32mCategoriesModule dependencies initialized[39m[38;5;3m +1ms[39m
[32m[Nest] 1864  - [39m05/28/2026, 7:16:52 PM [32m    LOG[39m [38;5;3m[InstanceLoader] [39m[32mAddressesModule dependencies initialized[39m[38;5;3m +0ms[39m
[32m[Nest] 1864  - [39m05/28/2026, 7:16:52 PM [32m    LOG[39m [38;5;3m[InstanceLoader] [39m[32mSettingsModule dependencies initialized[39m[38;5;3m +0ms[39m
[32m[Nest] 1864  - [39m05/28/2026, 7:16:52 PM [32m    LOG[39m [38;5;3m[InstanceLoader] [39m[32mProductsModule dependencies initialized[39m[38;5;3m +0ms[39m
[32m[Nest] 1864  - [39m05/28/2026, 7:16:52 PM [32m    LOG[39m [38;5;3m[InstanceLoader] [39m[32mOrdersModule dependencies initialized[39m[38;5;3m +1ms[39m
[32m[Nest] 1864  - [39m05/28/2026, 7:16:52 PM [32m    LOG[39m [38;5;3m[InstanceLoader] [39m[32mAuthModule dependencies initialized[39m[38;5;3m +0ms[39m
[32m[Nest] 1864  - [39m05/28/2026, 7:16:52 PM [32m    LOG[39m [38;5;3m[RoutesResolver] [39m[32mAuthController {/api/v1/auth}:[39m[38;5;3m +8ms[39m
[32m[Nest] 1864  - [39m05/28/2026, 7:16:52 PM [32m    LOG[39m [38;5;3m[RouterExplorer] [39m[32mMapped {/api/v1/auth/register, POST} route[39m[38;5;3m +4ms[39m
[32m[Nest] 1864  - [39m05/28/2026, 7:16:52 PM [32m    LOG[39m [38;5;3m[RouterExplorer] [39m[32mMapped {/api/v1/auth/login, POST} route[39m[38;5;3m +1ms[39m
[32m[Nest] 1864  - [39m05/28/2026, 7:16:52 PM [32m    LOG[39m [38;5;3m[RouterExplorer] [39m[32mMapped {/api/v1/auth/reset-password, POST} route[39m[38;5;3m +1ms[39m
[32m[Nest] 1864  - [39m05/28/2026, 7:16:52 PM [32m    LOG[39m [38;5;3m[RouterExplorer] [39m[32mMapped {/api/v1/auth/me, GET} route[39m[38;5;3m +2ms[39m
[32m[Nest] 1864  - [39m05/28/2026, 7:16:52 PM [32m    LOG[39m [38;5;3m[RoutesResolver] [39m[32mUsersController {/api/v1/users}:[39m[38;5;3m +0ms[39m
[32m[Nest] 1864  - [39m05/28/2026, 7:16:52 PM [32m    LOG[39m [38;5;3m[RouterExplorer] [39m[32mMapped {/api/v1/users/profile, PATCH} route[39m[38;5;3m +1ms[39m
[32m[Nest] 1864  - [39m05/28/2026, 7:16:52 PM [32m    LOG[39m [38;5;3m[RouterExplorer] [39m[32mMapped {/api/v1/users/customers, GET} route[39m[38;5;3m +1ms[39m
[32m[Nest] 1864  - [39m05/28/2026, 7:16:52 PM [32m    LOG[39m [38;5;3m[RouterExplorer] [39m[32mMapped {/api/v1/users/:id, DELETE} route[39m[38;5;3m +1ms[39m
[32m[Nest] 1864  - [39m05/28/2026, 7:16:52 PM [32m    LOG[39m [38;5;3m[RoutesResolver] [39m[32mCategoriesController {/api/v1/categories}:[39m[38;5;3m +1ms[39m
[32m[Nest] 1864  - [39m05/28/2026, 7:16:52 PM [32m    LOG[39m [38;5;3m[RouterExplorer] [39m[32mMapped {/api/v1/categories, GET} route[39m[38;5;3m +0ms[39m
[32m[Nest] 1864  - [39m05/28/2026, 7:16:52 PM [32m    LOG[39m [38;5;3m[RouterExplorer] [39m[32mMapped {/api/v1/categories/:slug, GET} route[39m[38;5;3m +1ms[39m
[32m[Nest] 1864  - [39m05/28/2026, 7:16:52 PM [32m    LOG[39m [38;5;3m[RouterExplorer] [39m[32mMapped {/api/v1/categories, POST} route[39m[38;5;3m +1ms[39m
[32m[Nest] 1864  - [39m05/28/2026, 7:16:52 PM [32m    LOG[39m [38;5;3m[RouterExplorer] [39m[32mMapped {/api/v1/categories/:id, PUT} route[39m[38;5;3m +1ms[39m
[32m[Nest] 1864  - [39m05/28/2026, 7:16:52 PM [32m    LOG[39m [38;5;3m[RouterExplorer] [39m[32mMapped {/api/v1/categories/:id, DELETE} route[39m[38;5;3m +0ms[39m
[32m[Nest] 1864  - [39m05/28/2026, 7:16:52 PM [32m    LOG[39m [38;5;3m[RoutesResolver] [39m[32mProductsController {/api/v1/products}:[39m[38;5;3m +0ms[39m
[32m[Nest] 1864  - [39m05/28/2026, 7:16:52 PM [32m    LOG[39m [38;5;3m[RouterExplorer] [39m[32mMapped {/api/v1/products, GET} route[39m[38;5;3m +1ms[39m
[32m[Nest] 1864  - [39m05/28/2026, 7:16:52 PM [32m    LOG[39m [38;5;3m[RouterExplorer] [39m[32mMapped {/api/v1/products/search, GET} route[39m[38;5;3m +0ms[39m
[32m[Nest] 1864  - [39m05/28/2026, 7:16:52 PM [32m    LOG[39m [38;5;3m[RouterExplorer] [39m[32mMapped {/api/v1/products/top-selling, GET} route[39m[38;5;3m +0ms[39m
[32m[Nest] 1864  - [39m05/28/2026, 7:16:52 PM [32m    LOG[39m [38;5;3m[RouterExplorer] [39m[32mMapped {/api/v1/products/:slug, GET} route[39m[38;5;3m +0ms[39m
[32m[Nest] 1864  - [39m05/28/2026, 7:16:52 PM [32m    LOG[39m [38;5;3m[RouterExplorer] [39m[32mMapped {/api/v1/products, POST} route[39m[38;5;3m +0ms[39m
[32m[Nest] 1864  - [39m05/28/2026, 7:16:52 PM [32m    LOG[39m [38;5;3m[RouterExplorer] [39m[32mMapped {/api/v1/products/:id, PUT} route[39m[38;5;3m +1ms[39m
[32m[Nest] 1864  - [39m05/28/2026, 7:16:52 PM [32m    LOG[39m [38;5;3m[RouterExplorer] [39m[32mMapped {/api/v1/products/:id, DELETE} route[39m[38;5;3m +0ms[39m
[32m[Nest] 1864  - [39m05/28/2026, 7:16:52 PM [32m    LOG[39m [38;5;3m[RoutesResolver] [39m[32mOrdersController {/api/v1/orders}:[39m[38;5;3m +1ms[39m
[32m[Nest] 1864  - [39m05/28/2026, 7:16:52 PM [32m    LOG[39m [38;5;3m[RouterExplorer] [39m[32mMapped {/api/v1/orders, POST} route[39m[38;5;3m +0ms[39m
[32m[Nest] 1864  - [39m05/28/2026, 7:16:52 PM [32m    LOG[39m [38;5;3m[RouterExplorer] [39m[32mMapped {/api/v1/orders/my, GET} route[39m[38;5;3m +1ms[39m
[32m[Nest] 1864  - [39m05/28/2026, 7:16:52 PM [32m    LOG[39m [38;5;3m[RouterExplorer] [39m[32mMapped {/api/v1/orders/dashboard-stats, GET} route[39m[38;5;3m +1ms[39m
[32m[Nest] 1864  - [39m05/28/2026, 7:16:52 PM [32m    LOG[39m [38;5;3m[RouterExplorer] [39m[32mMapped {/api/v1/orders, GET} route[39m[38;5;3m +0ms[39m
[32m[Nest] 1864  - [39m05/28/2026, 7:16:52 PM [32m    LOG[39m [38;5;3m[RouterExplorer] [39m[32mMapped {/api/v1/orders/:id, GET} route[39m[38;5;3m +1ms[39m
[32m[Nest] 1864  - [39m05/28/2026, 7:16:52 PM [32m    LOG[39m [38;5;3m[RouterExplorer] [39m[32mMapped {/api/v1/orders/:id/status, PATCH} route[39m[38;5;3m +0ms[39m
[32m[Nest] 1864  - [39m05/28/2026, 7:16:52 PM [32m    LOG[39m [38;5;3m[RouterExplorer] [39m[32mMapped {/api/v1/orders/:id/export, GET} route[39m[38;5;3m +1ms[39m
[32m[Nest] 1864  - [39m05/28/2026, 7:16:52 PM [32m    LOG[39m [38;5;3m[RouterExplorer] [39m[32mMapped {/api/v1/orders/export-bulk, POST} route[39m[38;5;3m +1ms[39m
[32m[Nest] 1864  - [39m05/28/2026, 7:16:52 PM [32m    LOG[39m [38;5;3m[RouterExplorer] [39m[32mMapped {/api/v1/orders/:id, DELETE} route[39m[38;5;3m +0ms[39m
[32m[Nest] 1864  - [39m05/28/2026, 7:16:52 PM [32m    LOG[39m [38;5;3m[RoutesResolver] [39m[32mAddressesController {/api/v1/addresses}:[39m[38;5;3m +1ms[39m
[32m[Nest] 1864  - [39m05/28/2026, 7:16:52 PM [32m    LOG[39m [38;5;3m[RouterExplorer] [39m[32mMapped {/api/v1/addresses, GET} route[39m[38;5;3m +0ms[39m
[32m[Nest] 1864  - [39m05/28/2026, 7:16:52 PM [32m    LOG[39m [38;5;3m[RouterExplorer] [39m[32mMapped {/api/v1/addresses, POST} route[39m[38;5;3m +1ms[39m
[32m[Nest] 1864  - [39m05/28/2026, 7:16:52 PM [32m    LOG[39m [38;5;3m[RouterExplorer] [39m[32mMapped {/api/v1/addresses/:id, PUT} route[39m[38;5;3m +0ms[39m
[32m[Nest] 1864  - [39m05/28/2026, 7:16:52 PM [32m    LOG[39m [38;5;3m[RouterExplorer] [39m[32mMapped {/api/v1/addresses/:id, DELETE} route[39m[38;5;3m +1ms[39m
[32m[Nest] 1864  - [39m05/28/2026, 7:16:52 PM [32m    LOG[39m [38;5;3m[RoutesResolver] [39m[32mSettingsController {/api/v1/settings}:[39m[38;5;3m +0ms[39m
[32m[Nest] 1864  - [39m05/28/2026, 7:16:52 PM [32m    LOG[39m [38;5;3m[RouterExplorer] [39m[32mMapped {/api/v1/settings, GET} route[39m[38;5;3m +1ms[39m
[32m[Nest] 1864  - [39m05/28/2026, 7:16:52 PM [32m    LOG[39m [38;5;3m[RouterExplorer] [39m[32mMapped {/api/v1/settings, PUT} route[39m[38;5;3m +0ms[39m
[32m[Nest] 1864  - [39m05/28/2026, 7:16:52 PM [32m    LOG[39m [38;5;3m[NestApplication] [39m[32mNest application successfully started[39m[38;5;3m +6ms[39m
[32m[Nest] 1864  - [39m05/28/2026, 7:16:52 PM [32m    LOG[39m [38;5;3m[Bootstrap] [39m[32m🚀 Backend đang chạy tại: http://localhost:4000/api/v1[39m
[32m[Nest] 1864  - [39m05/28/2026, 7:16:52 PM [32m    LOG[39m [38;5;3m[Bootstrap] [39m[32m📁 Upload files: http://localhost:4000/uploads[39m
